// Jest Snapshot v1, https://goo.gl/fbAQLP

exports[`Renders correctly to the DOM matches snapshot 1`] = `
<tr
  className="Table__TRStyle-sc-vcm0yz-4 fRFFvW"
>
  <td
    className="Table__TDStyle-sc-vcm0yz-5 diKbJX"
  >
    <span
      aria-hidden="true"
      className="tooltips"
      onClick={[Function]}
    >
      Jon Snow
      <span
        className="tooltiptext"
      >
         
        dialog:events:clickToCopy
      </span>
    </span>
  </td>
  <td
    className="Table__TDStyle-sc-vcm0yz-5 gCUxXq"
  >
    <span
      aria-hidden="true"
      className="tooltips"
      onClick={[Function]}
    >
      jon@snow.hbo
      <span
        className="tooltiptext"
      >
         
        dialog:events:clickToCopy
      </span>
    </span>
  </td>
  <td
    className="Table__TDStyle-sc-vcm0yz-5 gCUxXq"
  >
    <span
      aria-hidden="true"
      className="tooltips"
      onClick={[Function]}
    >
      000-000-000
      <span
        className="tooltiptext"
      >
         
        dialog:events:clickToCopy
      </span>
    </span>
  </td>
  <td
    className="Table__TDStyle-sc-vcm0yz-5 VeXuP"
  >
    <button
      className="Button__ButtonLinkStyle-sc-lvp9e-1 bwiUrL"
      onClick={[Function]}
    >
      <i
        className="ion-plus-round"
      />
    </button>
    <button
      className="Button__ButtonLinkStyle-sc-lvp9e-1 jxxsjo"
      onClick={[Function]}
    >
      <i
        className="ion-close-circled"
      />
    </button>
  </td>
</tr>
`;
