// Jest Snapshot v1, https://goo.gl/fbAQLP

exports[`Renders correctly to the DOM matches snapshot 1`] = `
<div
  className="Section__SectionStyle-sc-15esd4o-0 eIfPOJ"
>
  <div
    className="Discount__DiscountWrapper-sc-1fm84tz-0 keGdiY"
  >
    <label
      className="itemLabel"
    />
    <div
      className="Discount__DiscountContent-sc-1fm84tz-1 hgQojf"
    >
      <div
        className="Discount__DiscountAmount-sc-1fm84tz-2 doOhcK"
      >
        <input
          name="amount"
          onChange={[Function]}
          type="number"
          value={100}
        />
      </div>
      <div
        className="Discount__DiscountType-sc-1fm84tz-3 eoQwqz"
      >
        <div
          className="radio"
        >
          <label>
            <input
              checked={false}
              name="type"
              onChange={[Function]}
              type="radio"
              value="percentage"
            />
          </label>
        </div>
        <div
          className="radio"
        >
          <label>
            <input
              checked={true}
              name="type"
              onChange={[Function]}
              type="radio"
              value="flat"
            />
          </label>
        </div>
      </div>
    </div>
  </div>
</div>
`;
