// Jest Snapshot v1, https://goo.gl/fbAQLP

exports[`Renders correctly to the DOM matches snapshot 1`] = `
<div
  className="DueDatePicker__Container-sc-q4089e-0 mfJQU"
>
  <div
    className="SingleDatePicker SingleDatePicker_1"
  >
    <div
      className="SingleDatePickerInput SingleDatePickerInput_1 SingleDatePickerInput__withBorder SingleDatePickerInput__withBorder_2"
    >
      <div
        className="DateInput DateInput_1"
      >
        <input
          aria-describedby="DateInput__screen-reader-message-invoice-duedate"
          aria-label="Date"
          autoComplete="off"
          className="DateInput_input DateInput_input_1"
          disabled={false}
          id="invoice-duedate"
          name="invoice-duedate"
          onChange={[Function]}
          onFocus={[Function]}
          onKeyDown={[Function]}
          placeholder="Date"
          readOnly={false}
          required={false}
          type="text"
          value="20/11/2017"
        />
        <p
          className="DateInput_screenReaderMessage DateInput_screenReaderMessage_1"
          id="DateInput__screen-reader-message-invoice-duedate"
        >
          Navigate forward to interact with the calendar and select a date. Press the question mark key to get the keyboard shortcuts for changing dates.
        </p>
      </div>
    </div>
  </div>
  <a
    className="clearDateBtn active"
    href="#"
    onClick={[Function]}
  >
    <i
      className="ion-close-circled"
    />
  </a>
</div>
`;
