// Jest Snapshot v1, https://goo.gl/fbAQLP

exports[`Note component matches snapshot 1`] = `
<div
  className="Section__SectionStyle-sc-15esd4o-0 eIfPOJ"
>
  <div
    className="ItemsList__ItemsListWrapper-sc-zexjdz-0 bQEZJE"
  >
    <div
      className="ItemsList__ItemsListHeader-sc-zexjdz-1 fnXZQr"
    >
      <label
        className="itemLabel"
      >
         *
      </label>
    </div>
    <div
      className="ItemsList__ItemsListDiv-sc-zexjdz-3 wqQNs"
    >
      <div />
    </div>
    <div
      className="itemsListActions"
    >
      <button
        className="Button__ButtonStyle-sc-lvp9e-0 gVmMSJ ItemsList__ItemsListActionsBtn-sc-zexjdz-2 eEliWY"
        onClick={
          [MockFunction] {
            "calls": Array [
              Array [],
              Array [],
              Array [],
              Array [],
              Array [],
            ],
            "results": Array [
              Object {
                "type": "return",
                "value": undefined,
              },
              Object {
                "type": "return",
                "value": undefined,
              },
              Object {
                "type": "return",
                "value": undefined,
              },
              Object {
                "type": "return",
                "value": undefined,
              },
              Object {
                "type": "return",
                "value": undefined,
              },
            ],
          }
        }
      />
    </div>
  </div>
</div>
`;
