// Jest Snapshot v1, https://goo.gl/fbAQLP

exports[`Note component matches snapshot 1`] = `
<div
  className="Section__SectionStyle-sc-15esd4o-0 eIfPOJ"
>
  <label
    className="itemLabel"
  />
  <textarea
    className="Note__NoteContent-sc-lrsj0b-0 grnQHw"
    cols="50"
    onChange={[Function]}
    rows="4"
    value="something"
  />
</div>
`;
