// Jest Snapshot v1, https://goo.gl/fbAQLP

exports[`Note component matches snapshot 1`] = `
<div
  className="Section__SectionStyle-sc-15esd4o-0 eIfPOJ"
>
  <div
    className="Section__HeaderStyle-sc-15esd4o-1 bgDfBd"
  >
    <label
      className="itemLabel"
    />
  </div>
  <div
    className="Part__PartStyle-sc-w1a2bb-0 emgBFP"
  >
    <div
      className="Part__RowStyle-sc-w1a2bb-1 klLhcz"
    >
      <div
        className="Part__FieldStyle-sc-w1a2bb-2 mKSJE"
      >
        <label
          className="itemLabel"
        />
        <div
          className="Tax__TaxID-sc-13qlq98-0"
        >
          <input
            name="tin"
            onChange={[Function]}
            type="text"
            value="123-456-789"
          />
        </div>
      </div>
    </div>
    <div
      className="Part__RowStyle-sc-w1a2bb-1 klLhcz"
    >
      <div
        className="Part__FieldStyle-sc-w1a2bb-2 mKSJE"
      >
        <label
          className="itemLabel"
        >
           (%)
        </label>
        <div
          className="Tax__TaxAmount-sc-13qlq98-1 hrmTkW"
        >
          <input
            name="amount"
            onChange={[Function]}
            step="0.01"
            type="number"
            value={10}
          />
        </div>
      </div>
      <div
        className="Part__FieldStyle-sc-w1a2bb-2 mKSJE"
      >
        <label
          className="itemLabel"
        />
        <select
          name="method"
          onChange={[Function]}
        >
          <option
            value="default"
          />
          <option
            value="reverse"
          />
        </select>
      </div>
    </div>
  </div>
</div>
`;
